DEBUG 2026-08-05 11:15:47.880 UTC: 	 CRAB Client version: v3.260630
DEBUG 2026-08-05 11:15:47.881 UTC: 	 Running on: Linux cms-fe01.rcac.purdue.edu 4.18.0-553.117.1.el8_10.x86_64 #1 SMP Wed Apr 8 10:49:10 UTC 2026 x86_64 x86_64 x86_64 GNU/Linux
DEBUG 2026-08-05 11:15:47.881 UTC: 	 Not using Singularity
DEBUG 2026-08-05 11:15:47.881 UTC: 	 Operating System: Rocky Linux 8.10 (Green Obsidian)
DEBUG 2026-08-05 11:15:47.881 UTC: 	 Executing command: 'getoutput'
DEBUG 2026-08-05 11:15:47.881 UTC: 	 Found CRAB cache file /home/schul105/.crab3
DEBUG 2026-08-05 17:26:26.028 UTC: 	 CRAB Client version: v3.260630
DEBUG 2026-08-05 17:26:26.029 UTC: 	 Running on: Linux cms-fe00.rcac.purdue.edu 4.18.0-553.117.1.el8_10.x86_64 #1 SMP Wed Apr 8 10:49:10 UTC 2026 x86_64 x86_64 x86_64 GNU/Linux
DEBUG 2026-08-05 17:26:26.029 UTC: 	 Not using Singularity
DEBUG 2026-08-05 17:26:26.029 UTC: 	 Operating System: Rocky Linux 8.10 (Green Obsidian)
DEBUG 2026-08-05 17:26:26.029 UTC: 	 Executing command: 'submit'
DEBUG 2026-08-05 17:26:26.029 UTC: 	 Found CRAB cache file /home/schul105/.crab3
DEBUG 2026-08-05 17:26:26.030 UTC: 	 Will use CRAB plugin ANALYSIS (i.e. will run an analysis job type).
DEBUG 2026-08-05 17:26:26.042 UTC: 	 CRAB Client version: v3.260630
DEBUG 2026-08-05 17:26:26.042 UTC: 	 Running on: Linux cms-fe00.rcac.purdue.edu 4.18.0-553.117.1.el8_10.x86_64 #1 SMP Wed Apr 8 10:49:10 UTC 2026 x86_64 x86_64 x86_64 GNU/Linux
DEBUG 2026-08-05 17:26:26.042 UTC: 	 Not using Singularity
DEBUG 2026-08-05 17:26:26.042 UTC: 	 Operating System: Rocky Linux 8.10 (Green Obsidian)
DEBUG 2026-08-05 17:26:26.042 UTC: 	 Executing command: 'submit'
DEBUG 2026-08-05 17:26:26.042 UTC: 	 Found CRAB cache file /home/schul105/.crab3
DEBUG 2026-08-05 17:26:26.043 UTC: 	 Will use CRAB plugin ANALYSIS (i.e. will run an analysis job type).
DEBUG 2026-08-05 17:26:26.054 UTC: 	 CRAB Client version: v3.260630
DEBUG 2026-08-05 17:26:26.054 UTC: 	 Running on: Linux cms-fe00.rcac.purdue.edu 4.18.0-553.117.1.el8_10.x86_64 #1 SMP Wed Apr 8 10:49:10 UTC 2026 x86_64 x86_64 x86_64 GNU/Linux
DEBUG 2026-08-05 17:26:26.054 UTC: 	 Not using Singularity
DEBUG 2026-08-05 17:26:26.054 UTC: 	 Operating System: Rocky Linux 8.10 (Green Obsidian)
DEBUG 2026-08-05 17:26:26.054 UTC: 	 Executing command: 'submit'
DEBUG 2026-08-05 17:26:26.054 UTC: 	 Found CRAB cache file /home/schul105/.crab3
DEBUG 2026-08-05 17:26:26.055 UTC: 	 Will use CRAB plugin ANALYSIS (i.e. will run an analysis job type).
DEBUG 2026-08-05 17:26:26.066 UTC: 	 CRAB Client version: v3.260630
DEBUG 2026-08-05 17:26:26.066 UTC: 	 Running on: Linux cms-fe00.rcac.purdue.edu 4.18.0-553.117.1.el8_10.x86_64 #1 SMP Wed Apr 8 10:49:10 UTC 2026 x86_64 x86_64 x86_64 GNU/Linux
DEBUG 2026-08-05 17:26:26.066 UTC: 	 Not using Singularity
DEBUG 2026-08-05 17:26:26.066 UTC: 	 Operating System: Rocky Linux 8.10 (Green Obsidian)
DEBUG 2026-08-05 17:26:26.066 UTC: 	 Executing command: 'submit'
DEBUG 2026-08-05 17:26:26.066 UTC: 	 Found CRAB cache file /home/schul105/.crab3
DEBUG 2026-08-05 17:26:26.067 UTC: 	 Will use CRAB plugin ANALYSIS (i.e. will run an analysis job type).
DEBUG 2026-08-05 17:27:14.671 UTC: 	 CRAB Client version: v3.260630
DEBUG 2026-08-05 17:27:14.671 UTC: 	 Running on: Linux cms-fe00.rcac.purdue.edu 4.18.0-553.117.1.el8_10.x86_64 #1 SMP Wed Apr 8 10:49:10 UTC 2026 x86_64 x86_64 x86_64 GNU/Linux
DEBUG 2026-08-05 17:27:14.672 UTC: 	 Not using Singularity
DEBUG 2026-08-05 17:27:14.672 UTC: 	 Operating System: Rocky Linux 8.10 (Green Obsidian)
DEBUG 2026-08-05 17:27:14.672 UTC: 	 Executing command: 'status'
DEBUG 2026-08-05 17:27:14.672 UTC: 	 Found CRAB cache file /home/schul105/.crab3
ERROR 2026-08-05 17:27:14.675 UTC: 	 Cannot find .requestcache file in CRAB project directory /depot/cms/private/users/schul105/VVV/deepntuples/production/CMSSW_16_1_0_pre4/src/ScoutingPuppiCalibration/Calibration/crab/crab_projects/crab_scoutingPuppiCalib_QCD_HT-2000_v5
ERROR 2026-08-05 17:27:14.675 UTC: 	 Caught ClientException exception
Traceback (most recent call last):
  File "/cvmfs/cms.cern.ch/share/cms/crab-prod/v3.260630.00/bin/crab.py", line 157, in <module>
    client()
  File "/cvmfs/cms.cern.ch/share/cms/crab-prod/v3.260630.00/bin/crab.py", line 135, in __call__
    self.cmd = sub_cmd(self.logger, args[1:])  # the crab command to be executed
  File "/cvmfs/cms.cern.ch/share/cms/crab-prod/v3.260630.00/lib/CRABClient/Commands/status.py", line 50, in __init__
    SubCommand.__init__(self, logger, cmdargs)
  File "/cvmfs/cms.cern.ch/share/cms/crab-prod/v3.260630.00/lib/CRABClient/Commands/SubCommand.py", line 281, in __init__
    SubCommand.validateOptions(self)
  File "/cvmfs/cms.cern.ch/share/cms/crab-prod/v3.260630.00/lib/CRABClient/Commands/SubCommand.py", line 695, in validateOptions
    self.loadLocalCache()
  File "/cvmfs/cms.cern.ch/share/cms/crab-prod/v3.260630.00/lib/CRABClient/Commands/SubCommand.py", line 537, in loadLocalCache
    raise ex
  File "/cvmfs/cms.cern.ch/share/cms/crab-prod/v3.260630.00/lib/CRABClient/Commands/SubCommand.py", line 531, in loadLocalCache
    self.cachedinfo, self.logfile = loadCache(self.requestarea, self.logger)
  File "/cvmfs/cms.cern.ch/share/cms/crab-prod/v3.260630.00/lib/CRABClient/ClientUtilities.py", line 445, in loadCache
    raise CachefileNotFoundException(msg)
CRABClient.ClientExceptions.CachefileNotFoundException: Cannot find .requestcache file in CRAB project directory /depot/cms/private/users/schul105/VVV/deepntuples/production/CMSSW_16_1_0_pre4/src/ScoutingPuppiCalibration/Calibration/crab/crab_projects/crab_scoutingPuppiCalib_QCD_HT-2000_v5
INFO 2026-08-05 17:27:14.677 UTC: 	 Log file is /depot/cms/private/users/schul105/VVV/deepntuples/production/CMSSW_16_1_0_pre4/src/ScoutingPuppiCalibration/Calibration/crab/crab.log
DEBUG 2026-08-05 17:27:28.295 UTC: 	 CRAB Client version: v3.260630
DEBUG 2026-08-05 17:27:28.295 UTC: 	 Running on: Linux cms-fe00.rcac.purdue.edu 4.18.0-553.117.1.el8_10.x86_64 #1 SMP Wed Apr 8 10:49:10 UTC 2026 x86_64 x86_64 x86_64 GNU/Linux
DEBUG 2026-08-05 17:27:28.295 UTC: 	 Not using Singularity
DEBUG 2026-08-05 17:27:28.295 UTC: 	 Operating System: Rocky Linux 8.10 (Green Obsidian)
DEBUG 2026-08-05 17:27:28.295 UTC: 	 Executing command: 'status'
DEBUG 2026-08-05 17:27:28.295 UTC: 	 Found CRAB cache file /home/schul105/.crab3
ERROR 2026-08-05 17:27:28.296 UTC: 	 Cannot find .requestcache file in CRAB project directory /depot/cms/private/users/schul105/VVV/deepntuples/production/CMSSW_16_1_0_pre4/src/ScoutingPuppiCalibration/Calibration/crab/crab_projects/crab_scoutingPuppiCalib_QCD_HT-2000_v5
ERROR 2026-08-05 17:27:28.296 UTC: 	 Caught ClientException exception
Traceback (most recent call last):
  File "/cvmfs/cms.cern.ch/share/cms/crab-prod/v3.260630.00/bin/crab.py", line 157, in <module>
    client()
  File "/cvmfs/cms.cern.ch/share/cms/crab-prod/v3.260630.00/bin/crab.py", line 135, in __call__
    self.cmd = sub_cmd(self.logger, args[1:])  # the crab command to be executed
  File "/cvmfs/cms.cern.ch/share/cms/crab-prod/v3.260630.00/lib/CRABClient/Commands/status.py", line 50, in __init__
    SubCommand.__init__(self, logger, cmdargs)
  File "/cvmfs/cms.cern.ch/share/cms/crab-prod/v3.260630.00/lib/CRABClient/Commands/SubCommand.py", line 281, in __init__
    SubCommand.validateOptions(self)
  File "/cvmfs/cms.cern.ch/share/cms/crab-prod/v3.260630.00/lib/CRABClient/Commands/SubCommand.py", line 695, in validateOptions
    self.loadLocalCache()
  File "/cvmfs/cms.cern.ch/share/cms/crab-prod/v3.260630.00/lib/CRABClient/Commands/SubCommand.py", line 537, in loadLocalCache
    raise ex
  File "/cvmfs/cms.cern.ch/share/cms/crab-prod/v3.260630.00/lib/CRABClient/Commands/SubCommand.py", line 531, in loadLocalCache
    self.cachedinfo, self.logfile = loadCache(self.requestarea, self.logger)
  File "/cvmfs/cms.cern.ch/share/cms/crab-prod/v3.260630.00/lib/CRABClient/ClientUtilities.py", line 445, in loadCache
    raise CachefileNotFoundException(msg)
CRABClient.ClientExceptions.CachefileNotFoundException: Cannot find .requestcache file in CRAB project directory /depot/cms/private/users/schul105/VVV/deepntuples/production/CMSSW_16_1_0_pre4/src/ScoutingPuppiCalibration/Calibration/crab/crab_projects/crab_scoutingPuppiCalib_QCD_HT-2000_v5
INFO 2026-08-05 17:27:28.299 UTC: 	 Log file is /depot/cms/private/users/schul105/VVV/deepntuples/production/CMSSW_16_1_0_pre4/src/ScoutingPuppiCalibration/Calibration/crab/crab.log
DEBUG 2026-08-05 17:27:51.352 UTC: 	 CRAB Client version: v3.260630
DEBUG 2026-08-05 17:27:51.352 UTC: 	 Running on: Linux cms-fe00.rcac.purdue.edu 4.18.0-553.117.1.el8_10.x86_64 #1 SMP Wed Apr 8 10:49:10 UTC 2026 x86_64 x86_64 x86_64 GNU/Linux
DEBUG 2026-08-05 17:27:51.352 UTC: 	 Not using Singularity
DEBUG 2026-08-05 17:27:51.352 UTC: 	 Operating System: Rocky Linux 8.10 (Green Obsidian)
DEBUG 2026-08-05 17:27:51.352 UTC: 	 Executing command: 'submit'
DEBUG 2026-08-05 17:27:51.352 UTC: 	 Found CRAB cache file /home/schul105/.crab3
DEBUG 2026-08-05 17:27:51.353 UTC: 	 Will use CRAB plugin ANALYSIS (i.e. will run an analysis job type).
DEBUG 2026-08-05 17:27:51.365 UTC: 	 CRAB Client version: v3.260630
DEBUG 2026-08-05 17:27:51.365 UTC: 	 Running on: Linux cms-fe00.rcac.purdue.edu 4.18.0-553.117.1.el8_10.x86_64 #1 SMP Wed Apr 8 10:49:10 UTC 2026 x86_64 x86_64 x86_64 GNU/Linux
DEBUG 2026-08-05 17:27:51.365 UTC: 	 Not using Singularity
DEBUG 2026-08-05 17:27:51.365 UTC: 	 Operating System: Rocky Linux 8.10 (Green Obsidian)
DEBUG 2026-08-05 17:27:51.365 UTC: 	 Executing command: 'submit'
DEBUG 2026-08-05 17:27:51.365 UTC: 	 Found CRAB cache file /home/schul105/.crab3
DEBUG 2026-08-05 17:27:51.366 UTC: 	 Will use CRAB plugin ANALYSIS (i.e. will run an analysis job type).
DEBUG 2026-08-05 17:27:51.378 UTC: 	 CRAB Client version: v3.260630
DEBUG 2026-08-05 17:27:51.378 UTC: 	 Running on: Linux cms-fe00.rcac.purdue.edu 4.18.0-553.117.1.el8_10.x86_64 #1 SMP Wed Apr 8 10:49:10 UTC 2026 x86_64 x86_64 x86_64 GNU/Linux
DEBUG 2026-08-05 17:27:51.378 UTC: 	 Not using Singularity
DEBUG 2026-08-05 17:27:51.378 UTC: 	 Operating System: Rocky Linux 8.10 (Green Obsidian)
DEBUG 2026-08-05 17:27:51.378 UTC: 	 Executing command: 'submit'
DEBUG 2026-08-05 17:27:51.378 UTC: 	 Found CRAB cache file /home/schul105/.crab3
DEBUG 2026-08-05 17:27:51.379 UTC: 	 Will use CRAB plugin ANALYSIS (i.e. will run an analysis job type).
DEBUG 2026-08-10 13:46:32.787 UTC: 	 CRAB Client version: v3.260630
DEBUG 2026-08-10 13:46:32.787 UTC: 	 Running on: Linux cms-fe00.rcac.purdue.edu 4.18.0-553.117.1.el8_10.x86_64 #1 SMP Wed Apr 8 10:49:10 UTC 2026 x86_64 x86_64 x86_64 GNU/Linux
DEBUG 2026-08-10 13:46:32.787 UTC: 	 Not using Singularity
DEBUG 2026-08-10 13:46:32.787 UTC: 	 Operating System: Rocky Linux 8.10 (Green Obsidian)
DEBUG 2026-08-10 13:46:32.787 UTC: 	 Executing command: 'submit'
DEBUG 2026-08-10 13:46:32.787 UTC: 	 Found CRAB cache file /home/schul105/.crab3
DEBUG 2026-08-10 13:46:32.788 UTC: 	 Will use CRAB plugin ANALYSIS (i.e. will run an analysis job type).
DEBUG 2026-08-10 13:46:32.839 UTC: 	 CRAB Client version: v3.260630
DEBUG 2026-08-10 13:46:32.839 UTC: 	 Running on: Linux cms-fe00.rcac.purdue.edu 4.18.0-553.117.1.el8_10.x86_64 #1 SMP Wed Apr 8 10:49:10 UTC 2026 x86_64 x86_64 x86_64 GNU/Linux
DEBUG 2026-08-10 13:46:32.839 UTC: 	 Not using Singularity
DEBUG 2026-08-10 13:46:32.839 UTC: 	 Operating System: Rocky Linux 8.10 (Green Obsidian)
DEBUG 2026-08-10 13:46:32.839 UTC: 	 Executing command: 'submit'
DEBUG 2026-08-10 13:46:32.839 UTC: 	 Found CRAB cache file /home/schul105/.crab3
DEBUG 2026-08-10 13:46:32.840 UTC: 	 Will use CRAB plugin ANALYSIS (i.e. will run an analysis job type).
DEBUG 2026-08-10 13:46:32.853 UTC: 	 CRAB Client version: v3.260630
DEBUG 2026-08-10 13:46:32.853 UTC: 	 Running on: Linux cms-fe00.rcac.purdue.edu 4.18.0-553.117.1.el8_10.x86_64 #1 SMP Wed Apr 8 10:49:10 UTC 2026 x86_64 x86_64 x86_64 GNU/Linux
DEBUG 2026-08-10 13:46:32.853 UTC: 	 Not using Singularity
DEBUG 2026-08-10 13:46:32.853 UTC: 	 Operating System: Rocky Linux 8.10 (Green Obsidian)
DEBUG 2026-08-10 13:46:32.853 UTC: 	 Executing command: 'submit'
DEBUG 2026-08-10 13:46:32.853 UTC: 	 Found CRAB cache file /home/schul105/.crab3
DEBUG 2026-08-10 13:46:32.854 UTC: 	 Will use CRAB plugin ANALYSIS (i.e. will run an analysis job type).
DEBUG 2026-08-10 13:46:32.867 UTC: 	 CRAB Client version: v3.260630
DEBUG 2026-08-10 13:46:32.868 UTC: 	 Running on: Linux cms-fe00.rcac.purdue.edu 4.18.0-553.117.1.el8_10.x86_64 #1 SMP Wed Apr 8 10:49:10 UTC 2026 x86_64 x86_64 x86_64 GNU/Linux
DEBUG 2026-08-10 13:46:32.868 UTC: 	 Not using Singularity
DEBUG 2026-08-10 13:46:32.868 UTC: 	 Operating System: Rocky Linux 8.10 (Green Obsidian)
DEBUG 2026-08-10 13:46:32.868 UTC: 	 Executing command: 'submit'
DEBUG 2026-08-10 13:46:32.868 UTC: 	 Found CRAB cache file /home/schul105/.crab3
DEBUG 2026-08-10 13:46:32.869 UTC: 	 Will use CRAB plugin ANALYSIS (i.e. will run an analysis job type).
DEBUG 2026-08-10 13:46:32.882 UTC: 	 CRAB Client version: v3.260630
DEBUG 2026-08-10 13:46:32.882 UTC: 	 Running on: Linux cms-fe00.rcac.purdue.edu 4.18.0-553.117.1.el8_10.x86_64 #1 SMP Wed Apr 8 10:49:10 UTC 2026 x86_64 x86_64 x86_64 GNU/Linux
DEBUG 2026-08-10 13:46:32.882 UTC: 	 Not using Singularity
DEBUG 2026-08-10 13:46:32.882 UTC: 	 Operating System: Rocky Linux 8.10 (Green Obsidian)
DEBUG 2026-08-10 13:46:32.882 UTC: 	 Executing command: 'submit'
DEBUG 2026-08-10 13:46:32.883 UTC: 	 Found CRAB cache file /home/schul105/.crab3
DEBUG 2026-08-10 13:46:32.883 UTC: 	 Will use CRAB plugin ANALYSIS (i.e. will run an analysis job type).
DEBUG 2026-08-10 13:46:32.896 UTC: 	 CRAB Client version: v3.260630
DEBUG 2026-08-10 13:46:32.897 UTC: 	 Running on: Linux cms-fe00.rcac.purdue.edu 4.18.0-553.117.1.el8_10.x86_64 #1 SMP Wed Apr 8 10:49:10 UTC 2026 x86_64 x86_64 x86_64 GNU/Linux
DEBUG 2026-08-10 13:46:32.897 UTC: 	 Not using Singularity
DEBUG 2026-08-10 13:46:32.897 UTC: 	 Operating System: Rocky Linux 8.10 (Green Obsidian)
DEBUG 2026-08-10 13:46:32.897 UTC: 	 Executing command: 'submit'
DEBUG 2026-08-10 13:46:32.897 UTC: 	 Found CRAB cache file /home/schul105/.crab3
DEBUG 2026-08-10 13:46:32.897 UTC: 	 Will use CRAB plugin ANALYSIS (i.e. will run an analysis job type).
DEBUG 2026-08-10 13:49:32.384 UTC: 	 CRAB Client version: v3.260630
DEBUG 2026-08-10 13:49:32.385 UTC: 	 Running on: Linux cms-fe00.rcac.purdue.edu 4.18.0-553.117.1.el8_10.x86_64 #1 SMP Wed Apr 8 10:49:10 UTC 2026 x86_64 x86_64 x86_64 GNU/Linux
DEBUG 2026-08-10 13:49:32.385 UTC: 	 Not using Singularity
DEBUG 2026-08-10 13:49:32.385 UTC: 	 Operating System: Rocky Linux 8.10 (Green Obsidian)
DEBUG 2026-08-10 13:49:32.385 UTC: 	 Executing command: 'submit'
DEBUG 2026-08-10 13:49:32.385 UTC: 	 Found CRAB cache file /home/schul105/.crab3
DEBUG 2026-08-10 13:49:32.386 UTC: 	 Will use CRAB plugin ANALYSIS (i.e. will run an analysis job type).
DEBUG 2026-08-10 13:49:32.417 UTC: 	 CRAB Client version: v3.260630
DEBUG 2026-08-10 13:49:32.418 UTC: 	 Running on: Linux cms-fe00.rcac.purdue.edu 4.18.0-553.117.1.el8_10.x86_64 #1 SMP Wed Apr 8 10:49:10 UTC 2026 x86_64 x86_64 x86_64 GNU/Linux
DEBUG 2026-08-10 13:49:32.418 UTC: 	 Not using Singularity
DEBUG 2026-08-10 13:49:32.418 UTC: 	 Operating System: Rocky Linux 8.10 (Green Obsidian)
DEBUG 2026-08-10 13:49:32.418 UTC: 	 Executing command: 'submit'
DEBUG 2026-08-10 13:49:32.418 UTC: 	 Found CRAB cache file /home/schul105/.crab3
DEBUG 2026-08-10 13:49:32.419 UTC: 	 Will use CRAB plugin ANALYSIS (i.e. will run an analysis job type).
DEBUG 2026-08-10 13:49:32.432 UTC: 	 CRAB Client version: v3.260630
DEBUG 2026-08-10 13:49:32.432 UTC: 	 Running on: Linux cms-fe00.rcac.purdue.edu 4.18.0-553.117.1.el8_10.x86_64 #1 SMP Wed Apr 8 10:49:10 UTC 2026 x86_64 x86_64 x86_64 GNU/Linux
DEBUG 2026-08-10 13:49:32.433 UTC: 	 Not using Singularity
DEBUG 2026-08-10 13:49:32.433 UTC: 	 Operating System: Rocky Linux 8.10 (Green Obsidian)
DEBUG 2026-08-10 13:49:32.433 UTC: 	 Executing command: 'submit'
DEBUG 2026-08-10 13:49:32.433 UTC: 	 Found CRAB cache file /home/schul105/.crab3
DEBUG 2026-08-10 13:49:32.433 UTC: 	 Will use CRAB plugin ANALYSIS (i.e. will run an analysis job type).
DEBUG 2026-08-10 13:49:32.446 UTC: 	 CRAB Client version: v3.260630
DEBUG 2026-08-10 13:49:32.446 UTC: 	 Running on: Linux cms-fe00.rcac.purdue.edu 4.18.0-553.117.1.el8_10.x86_64 #1 SMP Wed Apr 8 10:49:10 UTC 2026 x86_64 x86_64 x86_64 GNU/Linux
DEBUG 2026-08-10 13:49:32.446 UTC: 	 Not using Singularity
DEBUG 2026-08-10 13:49:32.446 UTC: 	 Operating System: Rocky Linux 8.10 (Green Obsidian)
DEBUG 2026-08-10 13:49:32.446 UTC: 	 Executing command: 'submit'
DEBUG 2026-08-10 13:49:32.446 UTC: 	 Found CRAB cache file /home/schul105/.crab3
DEBUG 2026-08-10 13:49:32.448 UTC: 	 Will use CRAB plugin ANALYSIS (i.e. will run an analysis job type).
